gb@gb-Linux:~/Final_work$ mysql -h 127.0.0.1 -u root
ERROR 1698 (28000): Access denied for user 'root'@'localhost'
gb@gb-Linux:~/Final_work$ sudo mysql -u root
[sudo] пароль для gb:
Welcome to the MySQL monitor.  Commands end with ; or \g.
Your MySQL connection id is 9
Server version: 8.0.33-0ubuntu0.22.04.2 (Ubuntu)

Copyright (c) 2000, 2023, Oracle and/or its affiliates.

Oracle is a registered trademark of Oracle Corporation and/or its
affiliates. Other names may be trademarks of their respective
owners.

Type 'help;' or '\h' for help. Type '\c' to clear the current input statement.

mysql> CREATE DATABASE Human_friends;
Query OK, 1 row affected (0,21 sec)

mysql> USE Human_friends;
TE TABLE animal_classes
(
        Id INT AUTO_INCREMENT PRIMARY KEY,
        Class_name VARCHAR(20)
);

INSERT INTO animal_classes (Class_name)
VALUES ('вьючные'),
('домашние');


CREATE TABLE packed_animals
(
          Id INT AUTO_INCREMENT PRIMARY KEY,
    Genus_name VARCHAR (20),
    Class_id INT,
    FOREIGN KEY (Class_id) REFERENCES animal_classes (Id) ON DELETE CASCADE ON UPDATE CASCADE
);

INSERT INTO packed_animals (Genus_name, Class_id)
VALUES ('Лошади', 1),
('Ослы', 1),
('Верблюды', 1);

CREATE TABLE home_animals
(
          Id INT AUTO_INCREMENT PRIMARY KEY,
    Genus_name VARCHAR (20),
    Class_id INT,
    FOREIGN KEY (Class_id) REFERENCES animal_classes (Id) ON DELETE CASCADE ON UPDATE CASCADE
);

INSERT INTO home_animals (Genus_name, Class_id)
VALUES ('Кошки', 2),
('Собаки', 2),
('Хомяки', 2);

CREATE TABLE cats
(
    Id INT AUTO_INCREMENT PRIMARY KEY,
    Name VARCHAR(20),
    Birthday DATE,
    Commands VARCHAR(50),
    Genus_id int,
    Foreign KEY (Genus_id) REFERENCES home_animals (Id) ON DELETE CASCADE ON UPDATE CASCADE
);Database changed
mysql> CREATE TABLE animal_classes
    -> (
    -> Id INT AUTO_INCREMENT PRIMARY KEY,
    -> Class_name VARCHAR(20)
    -> );
Query OK, 0 rows affected (0,31 sec)

mysql>
mysql> INSERT INTO animal_classes (Class_name)
    -> VALUES ('вьючные'),
    -> ('домашние');
Query OK, 2 rows affected (0,15 sec)
Records: 2  Duplicates: 0  Warnings: 0

mysql>
mysql>
mysql> CREATE TABLE packed_animals
    -> (
    ->   Id INT AUTO_INCREMENT PRIMARY KEY,
    ->     Genus_name VARCHAR (20),
    ->     Class_id INT,
    ->     FOREIGN KEY (Class_id) REFERENCES animal_classes (Id) ON DELETE CASCADE ON UPDATE CASCADE
    -> );

Query OK, 0 rows affected (0,14 sec)

mysql>
mysql> INSERT INTO packed_animals (Genus_name, Class_id)
    -> VALUES ('Лошади', 1),
    -> ('Ослы', 1),
    -> ('Верблюды', 1);
Query OK, 3 rows affected (0,02 sec)
Records: 3  Duplicates: 0  Warnings: 0

mysql>
mysql> CREATE TABLE home_animals
    -> (
    ->   Id INT AUTO_INCREMENT PRIMARY KEY,
    ->     Genus_name VARCHAR (20),
    ->     Class_id INT,
    ->     FOREIGN KEY (Class_id) REFERENCES animal_classes (Id) ON DELETE CASCADE ON UPDATE CASCADE
    -> );
Query OK, 0 rows affected (0,12 sec)

mysql>
mysql> INSERT INTO home_animals (Genus_name, Class_id)
    -> VALUES ('Кошки', 2),
    -> ('Собаки', 2),
    -> ('Хомяки', 2);
Query OK, 3 rows affected (0,01 sec)
Records: 3  Duplicates: 0  Warnings: 0

mysql>
mysql> CREATE TABLE cats
    -> (
    ->     Id INT AUTO_INCREMENT PRIMARY KEY,
    ->     Name VARCHAR(20),
    ->     Birthday DATE,
    ->     Commands VARCHAR(50),
    ->     Genus_id int,
    ->     Foreign KEY (Genus_id) REFERENCES home_animals (Id) ON DELETE CASCADE ON UPDATE CASCADE
    -> );
Query OK, 0 rows affected (0,09 sec)

mysql> show databases
    ->
    -> a
    ->
[1]+  Остановлен    sudo mysql -u root
gb@gb-Linux:~/Final_work$
gb@gb-Linux:~/Final_work$ sudo mysql -u root
Welcome to the MySQL monitor.  Commands end with ; or \g.
Your MySQL connection id is 10
Server version: 8.0.33-0ubuntu0.22.04.2 (Ubuntu)

Copyright (c) 2000, 2023, Oracle and/or its affiliates.

Oracle is a registered trademark of Oracle Corporation and/or its
affiliates. Other names may be trademarks of their respective
owners.

Type 'help;' or '\h' for help. Type '\c' to clear the current input statement.

mysql> show databases
    ->
    -> ^C
mysql> use Human_frinds
ERROR 1049 (42000): Unknown database 'Human_frinds'
mysql> show databases;
+--------------------+
| Database           |
+--------------------+
| Human_friends      |
| information_schema |
| mysql              |
| performance_schema |
| sys                |
+--------------------+
5 rows in set (0,01 sec)

mysql> use Human_frinds;
ERROR 1049 (42000): Unknown database 'Human_frinds'
mysql> use Human_friends
Reading table information for completion of table and column names
You can turn off this feature to get a quicker startup with -A

Database changed
mysql> use Human_friends;
Database changed
mysql> show tables;
+-------------------------+
| Tables_in_Human_friends |
+-------------------------+
| animal_classes          |
| cats                    |
| home_animals            |
| packed_animals          |
+-------------------------+
4 rows in set (0,00 sec)

mysql> SELECT * FROM cat
    -> ^C
mysql> SELECT * FROM cat;
ERROR 1146 (42S02): Table 'Human_friends.cat' doesn't exist
mysql> SELECT * FROM cats;
Empty set (0,00 sec)

mysql> SELECT * FROM
Display all 783 possibilities? (y or n)
mysql> SELECT * FROM animal_classes;
+----+------------------+
| Id | Class_name       |
+----+------------------+
|  1 | вьючные          |
|  2 | домашние         |
+----+------------------+
2 rows in set (0,00 sec)

mysql> SELECT * FROM h
help                     home_animals.Class_id    home_animals.Id
home_animals             home_animals.Genus_name
mysql> SELECT * FROM home_animals;
+----+--------------+----------+
| Id | Genus_name   | Class_id |
+----+--------------+----------+
|  1 | Кошки        |        2 |
|  2 | Собаки       |        2 |
|  3 | Хомяки       |        2 |
+----+--------------+----------+
3 rows in set (0,00 sec)

mysql> SELECT * FROM pa
packed_animals             packed_animals.Genus_name  pager
packed_animals.Class_id    packed_animals.Id
mysql> SELECT * FROM packed_animals
    -> ;
+----+------------------+----------+
| Id | Genus_name       | Class_id |
+----+------------------+----------+
|  1 | Лошади           |        1 |
|  2 | Ослы             |        1 |
|  3 | Верблюды         |        1 |
+----+------------------+----------+
3 rows in set (0,00 sec)

mysql> INSERT INTO cats (Name, Birthday, Commands, Genus_id)
    -> VALUES ('Пупа', '2011-01-01', 'кс-кс-кс', 1),
    -> ('Олег', '2016-01-01', "отставить!", 1),
    -> ('Тьма', '2017-01-01', "", 1);
ABLE dogs
(
    Id INT AUTO_INCREMENT PRIMARY KEY,
    Name VARCHAR(20),
    Birthday DATE,
    Commands VARCHAR(50),
    Genus_id int,
    Foreign KEY (Genus_id) REFERENCES home_animals (Id) ON DELETE CQuery OK, 3 rows affected (0,02 sec)
Records: 3  Duplicates: 0  Warnings: 0

mysql>
mysql> CREATE TABLE dogs
    -> (
    ->     Id INT AUTO_INCREMENT PRIMARY KEY,
    ->     Name VARCHAR(20),
    ->     Birthday DATE,
    ->     Commands VARCHAR(50),
    ->     Genus_id int,
    ->     Foreign KEY (Genus_id) REFERENCES home_animals (Id) ON DELETE CASCADE ON UPDATE CASCADE
    -> );
деть, лежать, лапу, след, фас", 2),
('Босс', '2021-05-10', "сидеть, лежать, фу, место", 2);

CREATE TABLE hamsters
(
    Id INT AUTO_INCREMENT PRIMARY KEY,
    Name VARCHAR(20),
    Birthday DATE,
    Commands VARCHAR(50),
    Genus_id int,
    Foreign KEY (Genus_id) REFERENCES home_animals (Id) ON DELETE CASCADE ON UPDATE CASCADE
);
INSERT INTO hamsters (Name, Birthday, Commands, Genus_id)
VALUES ('Малой', '2020-10-12', '', 3),
('Медведь', '2021-03-12', "атака сверху", 3),
('Ниндзя', '2022-07-11', NULL, 3),
('Бурый', '2022-05-10', NULL, 3);

CREATE TABLE horses
(
    Id INT AUTO_INCREMENT PRIMARY KEY,
    Name VARCHAR(20),
    Birthday DATE,
    Commands VARCHAR(50),
    Genus_id int,
    Foreign KEY (Genus_id) REFERENCES packed_animals (Id) ON DELETE CASCADE ON UPDATE CASCADE
);
INSERT INTO horses (Name, Birthday, Commands, Genus_id)
VALUES ('Гром', '2020-01-12', 'бегом, шагом', 1),
('Закат', '2017-03-12', "бегом, шагом, хоп", 1),
('Байкал', '2016-07-12', "бегом, шагом, хоп, брр", 1),
('Молния', '2020-11-10', "бегом, шагом, хоп", 1);

CREATE TABLE donkeys
(
    Id INT AUTO_INCREMENT PRIMARY KEY,
    Name VARCHAR(20),
    Birthday DATE,
    Commands VARCHAR(50),
    Genus_id int,
    Foreign KEY (Genus_id) REFERENCES packed_animals (Id) ON DELETE CASCADE ON UPDATE CASCADE
);
INSERT INTO donkeys (Name, Birthday, Commands, Genus_id)
VALUES ('Первый', '2019-04-10', NULL, 2),
('Второй', '2020-03-12', "", 2),
('Третий', '2021-07-12', "", 2),
('Четвертый', '2022-12-10', NULL, 2);

CREATE TABLE camels
(
    Id INT AUTO_INCREMENT PRIMARY KEY,
    Name VARCHAR(20),
    Birthday DATE,
    Commands VARCHAR(50),
    Genus_id int,
    Foreign KEY (Genus_id) REFERENCES packed_animals (Id) ON DELETE CASCADE ON UPDATE CASCADE
);
INSERT INTO camels (Name, Birthday, Commands, Genus_id)
VALUES ('Горбатый', '2022-04-10', 'вернись', 3),
('Самец', '2019-03-12', "остановись", 3),
('Сифон', '2015-07-12', "повернись", 3),
('Борода', '2022-12-10', "улыбнись", 3);Query OK, 0 rows affected (0,19 sec)

mysql> INSERT INTO dogs (Name, Birthday, Commands, Genus_id)
    -> VALUES ('Дик', '2020-01-01', 'ко мне, лежать, лапу, голос', 2),
    -> ('Граф', '2021-06-12', "сидеть, лежать, лапу", 2),
    -> ('Шарик', '2018-05-01', "сидеть, лежать, лапу, след, фас", 2),
    -> ('Босс', '2021-05-10', "сидеть, лежать, фу, место", 2);
Query OK, 4 rows affected (0,02 sec)
Records: 4  Duplicates: 0  Warnings: 0

mysql>
mysql> CREATE TABLE hamsters
    -> (
    ->     Id INT AUTO_INCREMENT PRIMARY KEY,
    ->     Name VARCHAR(20),
    ->     Birthday DATE,
    ->     Commands VARCHAR(50),
    ->     Genus_id int,
    ->     Foreign KEY (Genus_id) REFERENCES home_animals (Id) ON DELETE CASCADE ON UPDATE CASCADE
    -> );
Query OK, 0 rows affected (0,12 sec)

mysql> INSERT INTO hamsters (Name, Birthday, Commands, Genus_id)
    -> VALUES ('Малой', '2020-10-12', '', 3),
    -> ('Медведь', '2021-03-12', "атака сверху", 3),
    -> ('Ниндзя', '2022-07-11', NULL, 3),
    -> ('Бурый', '2022-05-10', NULL, 3);
Query OK, 4 rows affected (0,02 sec)
Records: 4  Duplicates: 0  Warnings: 0

mysql>
mysql> CREATE TABLE horses
    -> (
    ->     Id INT AUTO_INCREMENT PRIMARY KEY,
    ->     Name VARCHAR(20),
    ->     Birthday DATE,
    ->     Commands VARCHAR(50),
    ->     Genus_id int,
    ->     Foreign KEY (Genus_id) REFERENCES packed_animals (Id) ON DELETE CASCADE ON UPDATE CASCADE
    -> );
Query OK, 0 rows affected (0,10 sec)

mysql> INSERT INTO horses (Name, Birthday, Commands, Genus_id)
    -> VALUES ('Гром', '2020-01-12', 'бегом, шагом', 1),
    -> ('Закат', '2017-03-12', "бегом, шагом, хоп", 1),
    -> ('Байкал', '2016-07-12', "бегом, шагом, хоп, брр", 1),
    -> ('Молния', '2020-11-10', "бегом, шагом, хоп", 1);
Query OK, 4 rows affected (0,02 sec)
Records: 4  Duplicates: 0  Warnings: 0

mysql>
mysql> CREATE TABLE donkeys
    -> (
    ->     Id INT AUTO_INCREMENT PRIMARY KEY,
    ->     Name VARCHAR(20),
    ->     Birthday DATE,
    ->     Commands VARCHAR(50),
    ->     Genus_id int,
    ->     Foreign KEY (Genus_id) REFERENCES packed_animals (Id) ON DELETE CASCADE ON UPDATE CASCADE
    -> );
Query OK, 0 rows affected (0,11 sec)

mysql> INSERT INTO donkeys (Name, Birthday, Commands, Genus_id)
    -> VALUES ('Первый', '2019-04-10', NULL, 2),
    -> ('Второй', '2020-03-12', "", 2),
    -> ('Третий', '2021-07-12', "", 2),
    -> ('Четвертый', '2022-12-10', NULL, 2);
Query OK, 4 rows affected (0,02 sec)
Records: 4  Duplicates: 0  Warnings: 0

mysql>
mysql> CREATE TABLE camels
    -> (
    ->     Id INT AUTO_INCREMENT PRIMARY KEY,
    ->     Name VARCHAR(20),
    ->     Birthday DATE,
    ->     Commands VARCHAR(50),
    ->     Genus_id int,
    ->     Foreign KEY (Genus_id) REFERENCES packed_animals (Id) ON DELETE CASCADE ON UPDATE CASCADE
    -> );
Query OK, 0 rows affected (0,10 sec)

mysql> INSERT INTO camels (Name, Birthday, Commands, Genus_id)
    -> VALUES ('Горбатый', '2022-04-10', 'вернись', 3),
    -> ('Самец', '2019-03-12', "остановись", 3),
    -> ('Сифон', '2015-07-12', "повернись", 3),
    -> ('Борода', '2022-12-10', "улыбнись", 3);
Query OK, 4 rows affected (0,01 sec)
Records: 4  Duplicates: 0  Warnings: 0

mysql> show tables;
+-------------------------+
| Tables_in_Human_friends |
+-------------------------+
| animal_classes          |
| camels                  |
| cats                    |
| dogs                    |
| donkeys                 |
| hamsters                |
| home_animals            |
| horses                  |
| packed_animals          |
+-------------------------+
9 rows in set (0,00 sec)

mysql> SET SQL_SAFE_UPDATES = 0;
SELECT  Name, Birthday, Commands FROM donkeys;Query OK, 0 rows affected (0,00 sec)

mysql> DELETE FROM camels;
Query OK, 4 rows affected (0,04 sec)

mysql>
mysql> SELECT Name, Birthday, Commands FROM horses
    -> UNION SELECT  Name, Birthday, Commands FROM donkeys;
+--------------------+------------+----------------------------------------+
| Name               | Birthday   | Commands                               |
+--------------------+------------+----------------------------------------+
| Гром               | 2020-01-12 | бегом, шагом                           |
| Закат              | 2017-03-12 | бегом, шагом, хоп                      |
| Байкал             | 2016-07-12 | бегом, шагом, хоп, брр                 |
| Молния             | 2020-11-10 | бегом, шагом, хоп                      |
| Первый             | 2019-04-10 | NULL                                   |
| Второй             | 2020-03-12 |                                        |
| Третий             | 2021-07-12 |                                        |
| Четвертый          | 2022-12-10 | NULL                                   |
+--------------------+------------+----------------------------------------+
8 rows in set (0,07 sec)

mysql> CREATE TEMPORARY TABLE animals AS
    -> SELECT *, 'Лошади' as genus FROM horses
    -> UNION SELECT *, 'Ослы' AS genus FROM donkeys
    -> UNION SELECT *, 'Собаки' AS genus FROM dogs
    -> UNION SELECT *, 'Кошки' AS genus FROM cats
    -> UNION SELECT *, 'Хомяки' AS genus FROM hamsters;
ABLE yang_animal AS
SELECT Name, Birthday, Commands, genus, TIMESTAMPDIFF(MONTH, Birthday, CURDATE()) AS Age_in_montQuery OK, 19 rows affected (0,01 sec)
Records: 19  Duplicates: 0  Warnings: 0

mysql>
mysql> CREATE TABLE yang_animal AS
    -> SELECT Name, Birthday, Commands, genus, TIMESTAMPDIFF(MONTH, Birthday, CURDATE()) AS Age_in_month
    -> FROM animals WHERE Birthday BETWEEN ADDDATE(curdate(), INTERVAL -3 YEAR) AND ADDDATE(CURDATE(), INTERVAL -1 YEAR);
nimal;Query OK, 8 rows affected (0,11 sec)
Records: 8  Duplicates: 0  Warnings: 0

mysql>
mysql> SELECT * FROM yang_animal;
+----------------+------------+----------------------------------------------+--------------+--------------+
| Name           | Birthday   | Commands                                     | genus        | Age_in_month |
+----------------+------------+----------------------------------------------+--------------+--------------+
| Молния         | 2020-11-10 | бегом, шагом, хоп                            | Лошади       |           32 |
| Третий         | 2021-07-12 |                                              | Ослы         |           24 |
| Граф           | 2021-06-12 | сидеть, лежать, лапу                         | Собаки       |           25 |
| Босс           | 2021-05-10 | сидеть, лежать, фу, место                    | Собаки       |           26 |
| Малой          | 2020-10-12 |                                              | Хомяки       |           33 |
| Медведь        | 2021-03-12 | атака сверху                                 | Хомяки       |           28 |
| Ниндзя         | 2022-07-11 | NULL                                         | Хомяки       |           12 |
| Бурый          | 2022-05-10 | NULL                                         | Хомяки       |           14 |
+----------------+------------+----------------------------------------------+--------------+--------------+
8 rows in set (0,00 sec)

mysql> SELECT h.Name, h.Birthday, h.Commands, pa.Genus_name, ya.Age_in_month
    -> FROM horses h
    -> LEFT JOIN yang_animal ya ON ya.Name = h.Name
    -> LEFT JOIN packed_animals pa ON pa.Id = h.Genus_id
    -> UNION
    -> SELECT d.Name, d.Birthday, d.Commands, pa.Genus_name, ya.Age_in_month
    -> FROM donkeys d
    -> LEFT JOIN yang_animal ya ON ya.Name = d.Name
    -> LEFT JOIN packed_animals pa ON pa.Id = d.Genus_id
    -> UNION
    -> SELECT c.Name, c.Birthday, c.Commands, ha.Genus_name, ya.Age_in_month
    -> FROM cats c
    -> LEFT JOIN yang_animal ya ON ya.Name = c.Name
    -> LEFT JOIN home_animals ha ON ha.Id = c.Genus_id
    -> UNION
    -> SELECT d.Name, d.Birthday, d.Commands, ha.Genus_name, ya.Age_in_month
    -> FROM dogs d
    -> LEFT JOIN yang_animal ya ON ya.Name = d.Name
    -> LEFT JOIN home_animals ha ON ha.Id = d.Genus_id
    -> UNION
    -> SELECT hm.Name, hm.Birthday, hm.Commands, ha.Genus_name, ya.Age_in_month
    -> FROM hamsters hm
    -> LEFT JOIN yang_animal ya ON ya.Name = hm.Name
    -> LEFT JOIN home_animals ha ON ha.Id = hm.Genus_id;
+--------------------+------------+--------------------------------------------------------+--------------+--------------+
| Name               | Birthday   | Commands                                               | Genus_name   | Age_in_month |
+--------------------+------------+--------------------------------------------------------+--------------+--------------+
| Гром               | 2020-01-12 | бегом, шагом                                           | Лошади       |         NULL |
| Закат              | 2017-03-12 | бегом, шагом, хоп                                      | Лошади       |         NULL |
| Байкал             | 2016-07-12 | бегом, шагом, хоп, брр                                 | Лошади       |         NULL |
| Молния             | 2020-11-10 | бегом, шагом, хоп                                      | Лошади       |           32 |
| Первый             | 2019-04-10 | NULL                                                   | Ослы         |         NULL |
| Второй             | 2020-03-12 |                                                        | Ослы         |         NULL |
| Третий             | 2021-07-12 |                                                        | Ослы         |           24 |
| Четвертый          | 2022-12-10 | NULL                                                   | Ослы         |         NULL |
| Пупа               | 2011-01-01 | кс-кс-кс                                               | Кошки        |         NULL |
| Олег               | 2016-01-01 | отставить!                                             | Кошки        |         NULL |
| Тьма               | 2017-01-01 |                                                        | Кошки        |         NULL |
| Дик                | 2020-01-01 | ко мне, лежать, лапу, голос                            | Собаки       |         NULL |
| Граф               | 2021-06-12 | сидеть, лежать, лапу                                   | Собаки       |           25 |
| Шарик              | 2018-05-01 | сидеть, лежать, лапу, след, фас                        | Собаки       |         NULL |
| Босс               | 2021-05-10 | сидеть, лежать, фу, место                              | Собаки       |           26 |
| Малой              | 2020-10-12 |                                                        | Хомяки       |           33 |
| Медведь            | 2021-03-12 | атака сверху                                           | Хомяки       |           28 |
| Ниндзя             | 2022-07-11 | NULL                                                   | Хомяки       |           12 |
| Бурый              | 2022-05-10 | NULL                                                   | Хомяки       |           14 |
+--------------------+------------+--------------------------------------------------------+--------------+--------------+
19 rows in set (0,00 sec)

